// Jest Snapshot v1, https://goo.gl/fbAQLP

exports[`withMovieNav is rendered correctly 1`] = `
<div>
  <nav
    className="movie-nav movie-card__nav"
  >
    <ul
      className="movie-nav__list"
      onClick={[Function]}
      onMouseOver={[Function]}
    >
      <li
        className="movie-nav__item
                  "
      >
        <a
          className="movie-nav__link"
          href="/moviecard-full"
        >
          Overview
        </a>
      </li>
      <li
        className="movie-nav__item
                  movie-nav__item--active"
      >
        <a
          className="movie-nav__link"
          href="#"
        >
          Details
        </a>
      </li>
      <li
        className="movie-nav__item
                  "
      >
        <a
          className="movie-nav__link"
          href="/moviecard-reviews"
        >
          Reviews
        </a>
      </li>
    </ul>
  </nav>
</div>
`;
