// Jest Snapshot v1, https://goo.gl/fbAQLP

exports[`<MoveList /> should render small movie cadr list 1`] = `
<div
  className="catalog__movies-list"
>
  <article
    className="small-movie-card catalog__movies-card"
  >
    <div
      className="small-movie-card__image"
      id="91"
      onMouseOver={[Function]}
    >
      <img
        alt="An Insurance Salesman/Ex-Cop is caught up in a criminal conspiracy during his daily commute home"
        height="175"
        src="img/commuter.jpg"
        width="280"
      />
    </div>
    <h3
      className="small-movie-card__title"
    >
      <a
        className="small-movie-card__link"
        href="movie-page.html"
      >
        The Commuter
      </a>
    </h3>
  </article>
</div>
`;
